******************************************************************************
             TMS320C2000 Linker PC v18.1.4                     
******************************************************************************
>> Linked Tue Nov 19 16:07:13 2019

OUTPUT FILE NAME:   <ucosII.out>
ENTRY POINT SYMBOL: "_c_int00"  address: 0000b7a8


MEMORY CONFIGURATION

         name            origin    length      used     unused   attr    fill
----------------------  --------  ---------  --------  --------  ----  --------
PAGE 0:
  BEGIN                 00000000   00000002  00000002  00000000  RWIX
  RAMM0                 00000122   000002de  000002de  00000000  RWIX
  RAMLS0                00008000   00000800  000007f5  0000000b  RWIX
  RAMLS1                00008800   00000800  000007f3  0000000d  RWIX
  RAMLS2                00009000   00000800  000007fd  00000003  RWIX
  RAMLS3                00009800   00000800  000007ed  00000013  RWIX
  RAMLS4                0000a000   00000800  000000ae  00000752  RWIX
  RAMD0                 0000b000   00000800  00000800  00000000  RWIX
  RESET                 003fffc0   00000002  00000000  00000002  RWIX

PAGE 1:
  BOOT_RSVD             00000002   00000120  00000000  00000120  RWIX
  RAMM1                 00000400   00000600  00000400  00000200  RWIX
  ADCA_RESULT           00000b00   00000020  00000018  00000008  RWIX
  ADCB_RESULT           00000b20   00000020  00000018  00000008  RWIX
  ADCC_RESULT           00000b40   00000020  00000018  00000008  RWIX
  ADCD_RESULT           00000b60   00000020  00000018  00000008  RWIX
  CPU_TIMER0            00000c00   00000008  00000008  00000000  RWIX
  CPU_TIMER1            00000c08   00000008  00000008  00000000  RWIX
  CPU_TIMER2            00000c10   00000008  00000008  00000000  RWIX
  PIE_CTRL              00000ce0   00000020  0000001a  00000006  RWIX
  PIE_VECT              00000d00   00000200  000001c0  00000040  RWIX
  DMA                   00001000   00000200  000000e0  00000120  RWIX
  CLA1                  00001400   00000040  0000003e  00000002  RWIX
  EPWM1                 00004000   00000100  00000100  00000000  RWIX
  EPWM2                 00004100   00000100  00000100  00000000  RWIX
  EPWM3                 00004200   00000100  00000100  00000000  RWIX
  EPWM4                 00004300   00000100  00000100  00000000  RWIX
  EPWM5                 00004400   00000100  00000100  00000000  RWIX
  EPWM6                 00004500   00000100  00000100  00000000  RWIX
  EPWM7                 00004600   00000100  00000100  00000000  RWIX
  EPWM8                 00004700   00000100  00000100  00000000  RWIX
  EPWM9                 00004800   00000100  00000100  00000000  RWIX
  EPWM10                00004900   00000100  00000100  00000000  RWIX
  EPWM11                00004a00   00000100  00000100  00000000  RWIX
  EPWM12                00004b00   00000100  00000100  00000000  RWIX
  ECAP1                 00005000   00000020  00000020  00000000  RWIX
  ECAP2                 00005020   00000020  00000020  00000000  RWIX
  ECAP3                 00005040   00000020  00000020  00000000  RWIX
  ECAP4                 00005060   00000020  00000020  00000000  RWIX
  ECAP5                 00005080   00000020  00000020  00000000  RWIX
  ECAP6                 000050a0   00000020  00000020  00000000  RWIX
  EQEP1                 00005100   00000040  00000022  0000001e  RWIX
  EQEP2                 00005140   00000040  00000022  0000001e  RWIX
  EQEP3                 00005180   00000040  00000022  0000001e  RWIX
  DACA                  00005c00   00000010  00000008  00000008  RWIX
  DACB                  00005c10   00000010  00000008  00000008  RWIX
  DACC                  00005c20   00000010  00000008  00000008  RWIX
  CMPSS1                00005c80   00000020  00000020  00000000  RWIX
  CMPSS2                00005ca0   00000020  00000020  00000000  RWIX
  CMPSS3                00005cc0   00000020  00000020  00000000  RWIX
  CMPSS4                00005ce0   00000020  00000020  00000000  RWIX
  CMPSS5                00005d00   00000020  00000020  00000000  RWIX
  CMPSS6                00005d20   00000020  00000020  00000000  RWIX
  CMPSS7                00005d40   00000020  00000020  00000000  RWIX
  CMPSS8                00005d60   00000020  00000020  00000000  RWIX
  SDFM1                 00005e00   00000080  00000080  00000000  RWIX
  SDFM2                 00005e80   00000080  00000080  00000000  RWIX
  MCBSPA                00006000   00000040  00000024  0000001c  RWIX
  MCBSPB                00006040   00000040  00000024  0000001c  RWIX
  SPIA                  00006100   00000010  00000010  00000000  RWIX
  SPIB                  00006110   00000010  00000010  00000000  RWIX
  SPIC                  00006120   00000010  00000010  00000000  RWIX
  SPID                  00006130   00000010  00000000  00000010  RWIX
  UPP                   00006200   00000100  00000048  000000b8  RWIX
  WD                    00007000   00000040  0000002b  00000015  RWIX
  NMIINTRUPT            00007060   00000010  00000007  00000009  RWIX
  XINT                  00007070   00000010  0000000b  00000005  RWIX
  SCIA                  00007200   00000010  00000010  00000000  RWIX
  SCIB                  00007210   00000010  00000010  00000000  RWIX
  SCIC                  00007220   00000010  00000010  00000000  RWIX
  SCID                  00007230   00000010  00000010  00000000  RWIX
  I2CA                  00007300   00000040  00000022  0000001e  RWIX
  I2CB                  00007340   00000040  00000022  0000001e  RWIX
  ADCA                  00007400   00000080  00000080  00000000  RWIX
  ADCB                  00007480   00000080  00000080  00000000  RWIX
  ADCC                  00007500   00000080  00000080  00000000  RWIX
  ADCD                  00007580   00000080  00000080  00000000  RWIX
  INPUT_XBAR            00007900   00000020  00000020  00000000  RWIX
  XBAR                  00007920   00000020  00000020  00000000  RWIX
  SYNC_SOC              00007940   00000010  00000006  0000000a  RWIX
  DMACLASRCSEL          00007980   00000040  0000001a  00000026  RWIX
  EPWM_XBAR             00007a00   00000040  00000040  00000000  RWIX
  CLB_XBAR              00007a40   00000040  00000000  00000040  RWIX
  OUTPUT_XBAR           00007a80   00000040  00000040  00000000  RWIX
  GPIOCTRL              00007c00   00000180  00000180  00000000  RWIX
  GPIODAT               00007f00   00000030  00000030  00000000  RWIX
  RAMLS5                0000a800   00000800  0000038a  00000476  RWIX
  RAMD1                 0000b800   00000800  00000000  00000800  RWIX
  RAMGS0                0000c000   00001000  00000000  00001000  RWIX
  RAMGS1                0000d000   00001000  00000000  00001000  RWIX
  RAMGS2                0000e000   00002000  00001ba0  00000460  RWIX
  RAMGS4                00010000   00001000  00000000  00001000  RWIX
  RAMGS5                00011000   00001000  00000000  00001000  RWIX
  RAMGS6                00012000   00001000  00000000  00001000  RWIX
  RAMGS7                00013000   00001000  00000000  00001000  RWIX
  RAMGS8                00014000   00001000  00000000  00001000  RWIX
  RAMGS9                00015000   00001000  00000000  00001000  RWIX
  RAMGS10               00016000   00001000  00000000  00001000  RWIX
  RAMGS11               00017000   00001000  00000000  00001000  RWIX
  RAMGS12               00018000   00001000  00000000  00001000  RWIX
  RAMGS13               00019000   00001000  00000000  00001000  RWIX
  RAMGS14               0001a000   00002000  00000000  00002000  RWIX
  CPU2TOCPU1RAM         0003f800   00000400  00000000  00000400  RWIX
  CPU1TOCPU2RAM         0003fc00   00000400  00000000  00000400  RWIX
  EMIF1                 00047000   00000800  00000070  00000790  RWIX
  EMIF2                 00047800   00000800  00000070  00000790  RWIX
  CANA                  00048000   00000800  00000164  0000069c  RWIX
  CANB                  0004a000   00000800  00000164  0000069c  RWIX
  IPC                   00050000   00000024  00000024  00000000  RWIX
  FLASHPUMPSEMAPHORE    00050024   00000002  00000002  00000000  RWIX
  DEV_CFG               0005d000   00000180  0000012e  00000052  RWIX
  ANALOG_SUBSYS         0005d180   00000080  00000048  00000038  RWIX
  CLK_CFG               0005d200   00000100  00000032  000000ce  RWIX
  CPU_SYS               0005d300   00000100  00000082  0000007e  RWIX
  ROMPREFETCH           0005e608   00000002  00000002  00000000  RWIX
  DCSM_Z1               0005f000   00000030  00000024  0000000c  RWIX
  DCSM_Z2               0005f040   00000030  00000024  0000000c  RWIX
  DCSM_COMMON           0005f070   00000010  00000008  00000008  RWIX
  MEMCFG                0005f400   00000080  00000080  00000000  RWIX
  EMIF1CONFIG           0005f480   00000020  00000020  00000000  RWIX
  EMIF2CONFIG           0005f4a0   00000020  00000020  00000000  RWIX
  ACCESSPROTECTION      0005f4c0   00000040  00000040  00000000  RWIX
  MEMORYERROR           0005f500   00000040  00000040  00000000  RWIX
  ROMWAITSTATE          0005f540   00000002  00000002  00000000  RWIX
  FLASH0_CTRL           0005f800   00000300  00000182  0000017e  RWIX
  FLASH0_ECC            0005fb00   00000040  00000028  00000018  RWIX
  DCSM_Z1_OTP           00078000   00000020  00000020  00000000  RWIX
  DCSM_Z2_OTP           00078200   00000020  00000020  00000000  RWIX


SECTION ALLOCATION MAP

 output                                  attributes/
section   page    origin      length       input sections
--------  ----  ----------  ----------   ----------------
codestart 
*          0    00000000    00000002     
                  00000000    00000002     F2837xD_CodeStartBranch.obj (codestart)

.cinit     0    00000122    0000001a     
                  00000122    0000000e     rts2800_fpu32.lib : exit.c.obj (.cinit)
                  00000130    00000005                       : _lock.c.obj (.cinit:__lock)
                  00000135    00000005                       : _lock.c.obj (.cinit:__unlock)
                  0000013a    00000002     --HOLE-- [fill = 0]

.TI.ramfunc 
*          0    0000013c    00000004     
                  0000013c    00000004     F2837xD_usDelay.obj (.TI.ramfunc)

.pinit     0    00000122    00000000     UNINITIALIZED

.reset     0    003fffc0    00000002     DSECT
                  003fffc0    00000002     rts2800_fpu32.lib : boot28.asm.obj (.reset)

.stack     1    00000400    00000400     UNINITIALIZED
                  00000400    00000400     --HOLE--

AdcaResultFile 
*          1    00000b00    00000018     UNINITIALIZED
                  00000b00    00000018     F2837xD_GlobalVariableDefs.obj (AdcaResultFile)

AdcbResultFile 
*          1    00000b20    00000018     UNINITIALIZED
                  00000b20    00000018     F2837xD_GlobalVariableDefs.obj (AdcbResultFile)

AdccResultFile 
*          1    00000b40    00000018     UNINITIALIZED
                  00000b40    00000018     F2837xD_GlobalVariableDefs.obj (AdccResultFile)

AdcdResultFile 
*          1    00000b60    00000018     UNINITIALIZED
                  00000b60    00000018     F2837xD_GlobalVariableDefs.obj (AdcdResultFile)

Cla1RegsFile 
*          1    00001400    0000003e     UNINITIALIZED
                  00001400    0000003e     F2837xD_GlobalVariableDefs.obj (Cla1RegsFile)

.econst    1    0000a800    00000364     
                  0000a800    000001c0     F2837xD_PieVect.obj (.econst:_PieVectTableInit)
                  0000a9c0    00000100     os_core.obj (.econst:.string:_OSUnMapTbl)
                  0000aac0    0000003b     lib_mem.obj (.econst:.string)
                  0000aafb    00000001     --HOLE-- [fill = 0]
                  0000aafc    0000003a     os_dbg.obj (.econst)
                  0000ab36    0000001e     os_core.obj (.econst:.string)
                  0000ab54    00000002     os_flag.obj (.econst:.string)
                  0000ab56    00000002     os_mbox.obj (.econst:.string)
                  0000ab58    00000002     os_mem.obj (.econst:.string)
                  0000ab5a    00000002     os_mutex.obj (.econst:.string)
                  0000ab5c    00000002     os_q.obj (.econst:.string)
                  0000ab5e    00000002     os_sem.obj (.econst:.string)
                  0000ab60    00000002     os_task.obj (.econst:.string)
                  0000ab62    00000002     cpu_core.obj (.econst)

.stackvar 
*          1    0000e000    00000300     UNINITIALIZED
                  0000e000    00000300     main.obj (.stackvar)

GETBUFFER 
*          0    0003f800    00000000     DSECT

GETWRITEIDX 
*          0    0003f800    00000000     DSECT

PUTREADIDX 
*          0    0003f800    00000000     DSECT

CpuTimer0RegsFile 
*          1    00000c00    00000008     UNINITIALIZED
                  00000c00    00000008     F2837xD_GlobalVariableDefs.obj (CpuTimer0RegsFile)

CpuTimer1RegsFile 
*          1    00000c08    00000008     UNINITIALIZED
                  00000c08    00000008     F2837xD_GlobalVariableDefs.obj (CpuTimer1RegsFile)

CpuTimer2RegsFile 
*          1    00000c10    00000008     UNINITIALIZED
                  00000c10    00000008     F2837xD_GlobalVariableDefs.obj (CpuTimer2RegsFile)

PieVectTableFile 
*          1    00000d00    000001c0     UNINITIALIZED
                  00000d00    000001c0     F2837xD_GlobalVariableDefs.obj (PieVectTableFile)

EmuKeyVar 
*          1    00000d00    00000001     UNINITIALIZED
                  00000d00    00000001     F2837xD_GlobalVariableDefs.obj (EmuKeyVar)

EmuBModeVar 
*          1    00000d01    00000001     UNINITIALIZED
                  00000d01    00000001     F2837xD_GlobalVariableDefs.obj (EmuBModeVar)

FlashCallbackVar 
*          1    00000d02    00000000     UNINITIALIZED

FlashScalingVar 
*          1    00000d02    00000000     UNINITIALIZED

DacaRegsFile 
*          1    00005c00    00000008     UNINITIALIZED
                  00005c00    00000008     F2837xD_GlobalVariableDefs.obj (DacaRegsFile)

DacbRegsFile 
*          1    00005c10    00000008     UNINITIALIZED
                  00005c10    00000008     F2837xD_GlobalVariableDefs.obj (DacbRegsFile)

DaccRegsFile 
*          1    00005c20    00000008     UNINITIALIZED
                  00005c20    00000008     F2837xD_GlobalVariableDefs.obj (DaccRegsFile)

AdcaRegsFile 
*          1    00007400    00000080     UNINITIALIZED
                  00007400    00000080     F2837xD_GlobalVariableDefs.obj (AdcaRegsFile)

AdcbRegsFile 
*          1    00007480    00000080     UNINITIALIZED
                  00007480    00000080     F2837xD_GlobalVariableDefs.obj (AdcbRegsFile)

AdccRegsFile 
*          1    00007500    00000080     UNINITIALIZED
                  00007500    00000080     F2837xD_GlobalVariableDefs.obj (AdccRegsFile)

AdcdRegsFile 
*          1    00007580    00000080     UNINITIALIZED
                  00007580    00000080     F2837xD_GlobalVariableDefs.obj (AdcdRegsFile)

CanaRegsFile 
*          1    00048000    00000164     UNINITIALIZED
                  00048000    00000164     F2837xD_GlobalVariableDefs.obj (CanaRegsFile)

CanbRegsFile 
*          1    0004a000    00000164     UNINITIALIZED
                  0004a000    00000164     F2837xD_GlobalVariableDefs.obj (CanbRegsFile)

AnalogSubsysRegsFile 
*          1    0005d180    00000048     UNINITIALIZED
                  0005d180    00000048     F2837xD_GlobalVariableDefs.obj (AnalogSubsysRegsFile)

Cla1SoftIntRegsFile 
*          1    00000ce0    00000004     DSECT
                  00000ce0    00000004     F2837xD_GlobalVariableDefs.obj (Cla1SoftIntRegsFile)

PieCtrlRegsFile 
*          1    00000ce0    0000001a     UNINITIALIZED
                  00000ce0    0000001a     F2837xD_GlobalVariableDefs.obj (PieCtrlRegsFile)

DmaRegsFile 
*          1    00001000    000000e0     UNINITIALIZED
                  00001000    000000e0     F2837xD_GlobalVariableDefs.obj (DmaRegsFile)

EPwm1RegsFile 
*          1    00004000    00000100     UNINITIALIZED
                  00004000    00000100     F2837xD_GlobalVariableDefs.obj (EPwm1RegsFile)

EPwm2RegsFile 
*          1    00004100    00000100     UNINITIALIZED
                  00004100    00000100     F2837xD_GlobalVariableDefs.obj (EPwm2RegsFile)

EPwm3RegsFile 
*          1    00004200    00000100     UNINITIALIZED
                  00004200    00000100     F2837xD_GlobalVariableDefs.obj (EPwm3RegsFile)

EPwm4RegsFile 
*          1    00004300    00000100     UNINITIALIZED
                  00004300    00000100     F2837xD_GlobalVariableDefs.obj (EPwm4RegsFile)

EPwm5RegsFile 
*          1    00004400    00000100     UNINITIALIZED
                  00004400    00000100     F2837xD_GlobalVariableDefs.obj (EPwm5RegsFile)

EPwm6RegsFile 
*          1    00004500    00000100     UNINITIALIZED
                  00004500    00000100     F2837xD_GlobalVariableDefs.obj (EPwm6RegsFile)

EPwm7RegsFile 
*          1    00004600    00000100     UNINITIALIZED
                  00004600    00000100     F2837xD_GlobalVariableDefs.obj (EPwm7RegsFile)

EPwm8RegsFile 
*          1    00004700    00000100     UNINITIALIZED
                  00004700    00000100     F2837xD_GlobalVariableDefs.obj (EPwm8RegsFile)

EPwm9RegsFile 
*          1    00004800    00000100     UNINITIALIZED
                  00004800    00000100     F2837xD_GlobalVariableDefs.obj (EPwm9RegsFile)

EPwm10RegsFile 
*          1    00004900    00000100     UNINITIALIZED
                  00004900    00000100     F2837xD_GlobalVariableDefs.obj (EPwm10RegsFile)

EPwm11RegsFile 
*          1    00004a00    00000100     UNINITIALIZED
                  00004a00    00000100     F2837xD_GlobalVariableDefs.obj (EPwm11RegsFile)

EPwm12RegsFile 
*          1    00004b00    00000100     UNINITIALIZED
                  00004b00    00000100     F2837xD_GlobalVariableDefs.obj (EPwm12RegsFile)

ECap1RegsFile 
*          1    00005000    00000020     UNINITIALIZED
                  00005000    00000020     F2837xD_GlobalVariableDefs.obj (ECap1RegsFile)

ECap2RegsFile 
*          1    00005020    00000020     UNINITIALIZED
                  00005020    00000020     F2837xD_GlobalVariableDefs.obj (ECap2RegsFile)

ECap3RegsFile 
*          1    00005040    00000020     UNINITIALIZED
                  00005040    00000020     F2837xD_GlobalVariableDefs.obj (ECap3RegsFile)

ECap4RegsFile 
*          1    00005060    00000020     UNINITIALIZED
                  00005060    00000020     F2837xD_GlobalVariableDefs.obj (ECap4RegsFile)

ECap5RegsFile 
*          1    00005080    00000020     UNINITIALIZED
                  00005080    00000020     F2837xD_GlobalVariableDefs.obj (ECap5RegsFile)

ECap6RegsFile 
*          1    000050a0    00000020     UNINITIALIZED
                  000050a0    00000020     F2837xD_GlobalVariableDefs.obj (ECap6RegsFile)

EQep1RegsFile 
*          1    00005100    00000022     UNINITIALIZED
                  00005100    00000022     F2837xD_GlobalVariableDefs.obj (EQep1RegsFile)

EQep2RegsFile 
*          1    00005140    00000022     UNINITIALIZED
                  00005140    00000022     F2837xD_GlobalVariableDefs.obj (EQep2RegsFile)

EQep3RegsFile 
*          1    00005180    00000022     UNINITIALIZED
                  00005180    00000022     F2837xD_GlobalVariableDefs.obj (EQep3RegsFile)

Cmpss1RegsFile 
*          1    00005c80    00000020     UNINITIALIZED
                  00005c80    00000020     F2837xD_GlobalVariableDefs.obj (Cmpss1RegsFile)

Cmpss2RegsFile 
*          1    00005ca0    00000020     UNINITIALIZED
                  00005ca0    00000020     F2837xD_GlobalVariableDefs.obj (Cmpss2RegsFile)

Cmpss3RegsFile 
*          1    00005cc0    00000020     UNINITIALIZED
                  00005cc0    00000020     F2837xD_GlobalVariableDefs.obj (Cmpss3RegsFile)

Cmpss4RegsFile 
*          1    00005ce0    00000020     UNINITIALIZED
                  00005ce0    00000020     F2837xD_GlobalVariableDefs.obj (Cmpss4RegsFile)

Cmpss5RegsFile 
*          1    00005d00    00000020     UNINITIALIZED
                  00005d00    00000020     F2837xD_GlobalVariableDefs.obj (Cmpss5RegsFile)

Cmpss6RegsFile 
*          1    00005d20    00000020     UNINITIALIZED
                  00005d20    00000020     F2837xD_GlobalVariableDefs.obj (Cmpss6RegsFile)

Cmpss7RegsFile 
*          1    00005d40    00000020     UNINITIALIZED
                  00005d40    00000020     F2837xD_GlobalVariableDefs.obj (Cmpss7RegsFile)

Cmpss8RegsFile 
*          1    00005d60    00000020     UNINITIALIZED
                  00005d60    00000020     F2837xD_GlobalVariableDefs.obj (Cmpss8RegsFile)

Sdfm1RegsFile 
*          1    00005e00    00000080     UNINITIALIZED
                  00005e00    00000080     F2837xD_GlobalVariableDefs.obj (Sdfm1RegsFile)

Sdfm2RegsFile 
*          1    00005e80    00000080     UNINITIALIZED
                  00005e80    00000080     F2837xD_GlobalVariableDefs.obj (Sdfm2RegsFile)

McbspaRegsFile 
*          1    00006000    00000024     UNINITIALIZED
                  00006000    00000024     F2837xD_GlobalVariableDefs.obj (McbspaRegsFile)

McbspbRegsFile 
*          1    00006040    00000024     UNINITIALIZED
                  00006040    00000024     F2837xD_GlobalVariableDefs.obj (McbspbRegsFile)

SpiaRegsFile 
*          1    00006100    00000010     UNINITIALIZED
                  00006100    00000010     F2837xD_GlobalVariableDefs.obj (SpiaRegsFile)

SpibRegsFile 
*          1    00006110    00000010     UNINITIALIZED
                  00006110    00000010     F2837xD_GlobalVariableDefs.obj (SpibRegsFile)

SpicRegsFile 
*          1    00006120    00000010     UNINITIALIZED
                  00006120    00000010     F2837xD_GlobalVariableDefs.obj (SpicRegsFile)

UppRegsFile 
*          1    00006200    00000048     UNINITIALIZED
                  00006200    00000048     F2837xD_GlobalVariableDefs.obj (UppRegsFile)

WdRegsFile 
*          1    00007000    0000002b     UNINITIALIZED
                  00007000    0000002b     F2837xD_GlobalVariableDefs.obj (WdRegsFile)

NmiIntruptRegsFile 
*          1    00007060    00000007     UNINITIALIZED
                  00007060    00000007     F2837xD_GlobalVariableDefs.obj (NmiIntruptRegsFile)

XintRegsFile 
*          1    00007070    0000000b     UNINITIALIZED
                  00007070    0000000b     F2837xD_GlobalVariableDefs.obj (XintRegsFile)

SciaRegsFile 
*          1    00007200    00000010     UNINITIALIZED
                  00007200    00000010     F2837xD_GlobalVariableDefs.obj (SciaRegsFile)

ScibRegsFile 
*          1    00007210    00000010     UNINITIALIZED
                  00007210    00000010     F2837xD_GlobalVariableDefs.obj (ScibRegsFile)

ScicRegsFile 
*          1    00007220    00000010     UNINITIALIZED
                  00007220    00000010     F2837xD_GlobalVariableDefs.obj (ScicRegsFile)

ScidRegsFile 
*          1    00007230    00000010     UNINITIALIZED
                  00007230    00000010     F2837xD_GlobalVariableDefs.obj (ScidRegsFile)

I2caRegsFile 
*          1    00007300    00000022     UNINITIALIZED
                  00007300    00000022     F2837xD_GlobalVariableDefs.obj (I2caRegsFile)

I2cbRegsFile 
*          1    00007340    00000022     UNINITIALIZED
                  00007340    00000022     F2837xD_GlobalVariableDefs.obj (I2cbRegsFile)

InputXbarRegsFile 
*          1    00007900    00000020     UNINITIALIZED
                  00007900    00000020     F2837xD_GlobalVariableDefs.obj (InputXbarRegsFile)

XbarRegsFile 
*          1    00007920    00000020     UNINITIALIZED
                  00007920    00000020     F2837xD_GlobalVariableDefs.obj (XbarRegsFile)

SyncSocRegsFile 
*          1    00007940    00000006     UNINITIALIZED
                  00007940    00000006     F2837xD_GlobalVariableDefs.obj (SyncSocRegsFile)

DmaClaSrcSelRegsFile 
*          1    00007980    0000001a     UNINITIALIZED
                  00007980    0000001a     F2837xD_GlobalVariableDefs.obj (DmaClaSrcSelRegsFile)

EPwmXbarRegsFile 
*          1    00007a00    00000040     UNINITIALIZED
                  00007a00    00000040     F2837xD_GlobalVariableDefs.obj (EPwmXbarRegsFile)

OutputXbarRegsFile 
*          1    00007a80    00000040     UNINITIALIZED
                  00007a80    00000040     F2837xD_GlobalVariableDefs.obj (OutputXbarRegsFile)

GpioCtrlRegsFile 
*          1    00007c00    00000180     UNINITIALIZED
                  00007c00    00000180     F2837xD_GlobalVariableDefs.obj (GpioCtrlRegsFile)

GpioDataRegsFile 
*          1    00007f00    00000030     UNINITIALIZED
                  00007f00    00000030     F2837xD_GlobalVariableDefs.obj (GpioDataRegsFile)

Emif1RegsFile 
*          1    00047000    00000070     UNINITIALIZED
                  00047000    00000070     F2837xD_GlobalVariableDefs.obj (Emif1RegsFile)

Emif2RegsFile 
*          1    00047800    00000070     UNINITIALIZED
                  00047800    00000070     F2837xD_GlobalVariableDefs.obj (Emif2RegsFile)

IpcRegsFile 
*          1    00050000    00000024     UNINITIALIZED
                  00050000    00000024     F2837xD_GlobalVariableDefs.obj (IpcRegsFile)

FlashPumpSemaphoreRegsFile 
*          1    00050024    00000002     UNINITIALIZED
                  00050024    00000002     F2837xD_GlobalVariableDefs.obj (FlashPumpSemaphoreRegsFile)

RomPrefetchRegsFile 
*          1    0005e608    00000002     UNINITIALIZED
                  0005e608    00000002     F2837xD_GlobalVariableDefs.obj (RomPrefetchRegsFile)

DcsmZ1RegsFile 
*          1    0005f000    00000024     UNINITIALIZED
                  0005f000    00000024     F2837xD_GlobalVariableDefs.obj (DcsmZ1RegsFile)

DcsmZ2RegsFile 
*          1    0005f040    00000024     UNINITIALIZED
                  0005f040    00000024     F2837xD_GlobalVariableDefs.obj (DcsmZ2RegsFile)

DcsmCommonRegsFile 
*          1    0005f070    00000008     UNINITIALIZED
                  0005f070    00000008     F2837xD_GlobalVariableDefs.obj (DcsmCommonRegsFile)

MemCfgRegsFile 
*          1    0005f400    00000080     UNINITIALIZED
                  0005f400    00000080     F2837xD_GlobalVariableDefs.obj (MemCfgRegsFile)

Emif1ConfigRegsFile 
*          1    0005f480    00000020     UNINITIALIZED
                  0005f480    00000020     F2837xD_GlobalVariableDefs.obj (Emif1ConfigRegsFile)

Emif2ConfigRegsFile 
*          1    0005f4a0    00000020     UNINITIALIZED
                  0005f4a0    00000020     F2837xD_GlobalVariableDefs.obj (Emif2ConfigRegsFile)

AccessProtectionRegsFile 
*          1    0005f4c0    00000040     UNINITIALIZED
                  0005f4c0    00000040     F2837xD_GlobalVariableDefs.obj (AccessProtectionRegsFile)

MemoryErrorRegsFile 
*          1    0005f500    00000040     UNINITIALIZED
                  0005f500    00000040     F2837xD_GlobalVariableDefs.obj (MemoryErrorRegsFile)

RomWaitStateRegsFile 
*          1    0005f540    00000002     UNINITIALIZED
                  0005f540    00000002     F2837xD_GlobalVariableDefs.obj (RomWaitStateRegsFile)

Flash0CtrlRegsFile 
*          1    0005f800    00000182     UNINITIALIZED
                  0005f800    00000182     F2837xD_GlobalVariableDefs.obj (Flash0CtrlRegsFile)

Flash0EccRegsFile 
*          1    0005fb00    00000028     UNINITIALIZED
                  0005fb00    00000028     F2837xD_GlobalVariableDefs.obj (Flash0EccRegsFile)

DcsmZ1OtpFile 
*          1    00078000    00000020     NOLOAD SECTION
                  00078000    00000020     F2837xD_GlobalVariableDefs.obj (DcsmZ1OtpFile)

DcsmZ2OtpFile 
*          1    00078200    00000020     NOLOAD SECTION
                  00078200    00000020     F2837xD_GlobalVariableDefs.obj (DcsmZ2OtpFile)

DevCfgRegsFile 
*          1    0005d000    0000012e     UNINITIALIZED
                  0005d000    0000012e     F2837xD_GlobalVariableDefs.obj (DevCfgRegsFile)

ClkCfgRegsFile 
*          1    0005d200    00000032     UNINITIALIZED
                  0005d200    00000032     F2837xD_GlobalVariableDefs.obj (ClkCfgRegsFile)

CpuSysRegsFile 
*          1    0005d300    00000082     UNINITIALIZED
                  0005d300    00000082     F2837xD_GlobalVariableDefs.obj (CpuSysRegsFile)

.text.1    0    00000140    000002c0     
                  00000140    00000244     F2837xD_Gpio.obj (.text)
                  00000384    0000007c     F2837xD_CpuTimers.obj (.text)

.text.2    0    00008000    000007f5     
                  00008000    000005cc     os_task.obj (.text)
                  000085cc    0000021f     os_sem.obj (.text)
                  000087eb    00000009     rts2800_fpu32.lib : _lock.c.obj (.text)
                  000087f4    00000001                       : startup.c.obj (.text)

.text.3    0    00008800    000007f3     
                  00008800    0000057b     F2837xD_DefaultISR.obj (.text:retain)
                  00008d7b    00000194     os_mem.obj (.text)
                  00008f0f    000000af     main.obj (.text)
                  00008fbe    00000035     main.obj (.text:retain)

.text.4    0    00009000    000007fd     
                  00009000    000004f3     os_flag.obj (.text)
                  000094f3    0000013f     os_cpu_c.obj (.text)
                  00009632    0000010e     os_time.obj (.text)
                  00009740    000000a4     os_cpu_a.obj (.text)
                  000097e4    00000019     rts2800_fpu32.lib : args_main.c.obj (.text)

.text.5    0    00009800    000007ed     
                  00009800    000003fc     os_q.obj (.text)
                  00009bfc    0000033b     F2837xD_SysCtrl.obj (.text)
                  00009f37    0000008d     os_dbg.obj (.text)
                  00009fc4    00000029     rts2800_fpu32.lib : exit.c.obj (.text)

.text.6    0    0000a000    000000ae     
                  0000a000    00000028     F2837xD_PieCtrl.obj (.text)
                  0000a028    00000026     F2837xD_PieVect.obj (.text)
                  0000a04e    00000024     rts2800_fpu32.lib : cpy_tbl.c.obj (.text)
                  0000a072    0000001f     cpu_a.obj (.text)
                  0000a091    0000001d     rts2800_fpu32.lib : memcpy.c.obj (.text)

.text.7    0    0000b000    00000800     
                  0000b000    000007a8     os_core.obj (.text)
                  0000b7a8    00000056     rts2800_fpu32.lib : boot28.asm.obj (.text)
                  0000b7fe    00000002                       : pre_init.c.obj (.text)

.ebss.1    1    0000ab64    00000026     UNINITIALIZED
                  0000ab64    00000018     F2837xD_CpuTimers.obj (.ebss)
                  0000ab7c    00000002     rts2800_fpu32.lib : _lock.c.obj (.ebss:__lock)
                  0000ab7e    00000002                       : _lock.c.obj (.ebss:__unlock)
                  0000ab80    00000006                       : exit.c.obj (.ebss)
                  0000ab86    00000002     lib_math.obj (.ebss)
                  0000ab88    00000002     main.obj (.ebss)

.ebss.2    1    0000e300    000018a0     UNINITIALIZED
                  0000e300    00001040     lib_mem.obj (.ebss)
                  0000f340    00000860     os_core.obj (.ebss)

MODULE SUMMARY

       Module                           code    initialized data   uninitialized data
       ------                           ----    ----------------   ------------------
    .\
       main.obj                         228     0                  770               
    +--+--------------------------------+-------+------------------+--------------------+
       Total:                           228     0                  770               
                                                                                     
    .\BSP\source_common\
       F2837xD_DefaultISR.obj           1403    0                  0                 
       F2837xD_SysCtrl.obj              827     0                  0                 
       F2837xD_Gpio.obj                 580     0                  0                 
       F2837xD_PieVect.obj              38      448                0                 
       F2837xD_CpuTimers.obj            124     0                  24                
       F2837xD_PieCtrl.obj              40      0                  0                 
       F2837xD_usDelay.obj              4       0                  0                 
       F2837xD_CodeStartBranch.obj      2       0                  0                 
    +--+--------------------------------+-------+------------------+--------------------+
       Total:                           3018    448                24                
                                                                                     
    .\BSP\source_headers\
       F2837xD_GlobalVariableDefs.obj   0       0                  8759              
    +--+--------------------------------+-------+------------------+--------------------+
       Total:                           0       0                  8759              
                                                                                     
    .\uC-CPU\
       cpu_core.obj                     0       2                  0                 
    +--+--------------------------------+-------+------------------+--------------------+
       Total:                           0       2                  0                 
                                                                                     
    .\uC-CPU\C28x\CCS\
       cpu_a.obj                        31      0                  0                 
    +--+--------------------------------+-------+------------------+--------------------+
       Total:                           31      0                  0                 
                                                                                     
    .\uC-LIB\
       lib_mem.obj                      0       59                 4160              
       lib_math.obj                     0       0                  2                 
    +--+--------------------------------+-------+------------------+--------------------+
       Total:                           0       59                 4162              
                                                                                     
    .\uCOS-II\Ports\C28x\Generic\CCS\
       os_cpu_c.obj                     319     0                  0                 
       os_dbg.obj                       141     58                 0                 
       os_cpu_a.obj                     164     0                  0                 
    +--+--------------------------------+-------+------------------+--------------------+
       Total:                           624     58                 0                 
                                                                                     
    .\uCOS-II\Source\
       os_core.obj                      1960    286                2144              
       os_task.obj                      1484    2                  0                 
       os_flag.obj                      1267    2                  0                 
       os_q.obj                         1020    2                  0                 
       os_sem.obj                       543     2                  0                 
       os_mem.obj                       404     2                  0                 
       os_time.obj                      270     0                  0                 
       os_mbox.obj                      0       2                  0                 
       os_mutex.obj                     0       2                  0                 
    +--+--------------------------------+-------+------------------+--------------------+
       Total:                           6948    300                2144              
                                                                                     
    C:\ti\ccsv8\tools\compiler\ti-cgt-c2000_18.1.4.LTS\lib\rts2800_fpu32.lib
       boot28.asm.obj                   86      0                  0                 
       exit.c.obj                       41      14                 6                 
       cpy_tbl.c.obj                    36      0                  0                 
       memcpy.c.obj                     29      0                  0                 
       args_main.c.obj                  25      0                  0                 
       _lock.c.obj                      9       10                 4                 
       pre_init.c.obj                   2       0                  0                 
       startup.c.obj                    1       0                  0                 
    +--+--------------------------------+-------+------------------+--------------------+
       Total:                           229     24                 10                
                                                                                     
       Stack:                           0       0                  1024              
    +--+--------------------------------+-------+------------------+--------------------+
       Grand Total:                     11078   891                16893             


GLOBAL DATA SYMBOLS: SORTED BY DATA PAGE

address     data page           name
--------    ----------------    ----
00000400      10 (00000400)     __stack

00000b00      2c (00000b00)     _AdcaResultRegs
00000b20      2c (00000b00)     _AdcbResultRegs

00000b40      2d (00000b40)     _AdccResultRegs
00000b60      2d (00000b40)     _AdcdResultRegs

00000c00      30 (00000c00)     _CpuTimer0Regs
00000c08      30 (00000c00)     _CpuTimer1Regs
00000c10      30 (00000c00)     _CpuTimer2Regs

00000ce0      33 (00000cc0)     _Cla1SoftIntRegs
00000ce0      33 (00000cc0)     _PieCtrlRegs

00000d00      34 (00000d00)     _EmuKey
00000d00      34 (00000d00)     _PieVectTable
00000d01      34 (00000d00)     _EmuBMode

00001000      40 (00001000)     _DmaRegs

00001400      50 (00001400)     _Cla1Regs

00004000     100 (00004000)     _EPwm1Regs

00004100     104 (00004100)     _EPwm2Regs

00004200     108 (00004200)     _EPwm3Regs

00004300     10c (00004300)     _EPwm4Regs

00004400     110 (00004400)     _EPwm5Regs

00004500     114 (00004500)     _EPwm6Regs

00004600     118 (00004600)     _EPwm7Regs

00004700     11c (00004700)     _EPwm8Regs

00004800     120 (00004800)     _EPwm9Regs

00004900     124 (00004900)     _EPwm10Regs

00004a00     128 (00004a00)     _EPwm11Regs

00004b00     12c (00004b00)     _EPwm12Regs

00005000     140 (00005000)     _ECap1Regs
00005020     140 (00005000)     _ECap2Regs

00005040     141 (00005040)     _ECap3Regs
00005060     141 (00005040)     _ECap4Regs

00005080     142 (00005080)     _ECap5Regs
000050a0     142 (00005080)     _ECap6Regs

00005100     144 (00005100)     _EQep1Regs

00005140     145 (00005140)     _EQep2Regs

00005180     146 (00005180)     _EQep3Regs

00005c00     170 (00005c00)     _DacaRegs
00005c10     170 (00005c00)     _DacbRegs
00005c20     170 (00005c00)     _DaccRegs

00005c80     172 (00005c80)     _Cmpss1Regs
00005ca0     172 (00005c80)     _Cmpss2Regs

00005cc0     173 (00005cc0)     _Cmpss3Regs
00005ce0     173 (00005cc0)     _Cmpss4Regs

00005d00     174 (00005d00)     _Cmpss5Regs
00005d20     174 (00005d00)     _Cmpss6Regs

00005d40     175 (00005d40)     _Cmpss7Regs
00005d60     175 (00005d40)     _Cmpss8Regs

00005e00     178 (00005e00)     _Sdfm1Regs

00005e80     17a (00005e80)     _Sdfm2Regs

00006000     180 (00006000)     _McbspaRegs

00006040     181 (00006040)     _McbspbRegs

00006100     184 (00006100)     _SpiaRegs
00006110     184 (00006100)     _SpibRegs
00006120     184 (00006100)     _SpicRegs

00006200     188 (00006200)     _UppRegs

00007000     1c0 (00007000)     _WdRegs

00007060     1c1 (00007040)     _NmiIntruptRegs
00007070     1c1 (00007040)     _XintRegs

00007200     1c8 (00007200)     _SciaRegs
00007210     1c8 (00007200)     _ScibRegs
00007220     1c8 (00007200)     _ScicRegs
00007230     1c8 (00007200)     _ScidRegs

00007300     1cc (00007300)     _I2caRegs

00007340     1cd (00007340)     _I2cbRegs

00007400     1d0 (00007400)     _AdcaRegs

00007480     1d2 (00007480)     _AdcbRegs

00007500     1d4 (00007500)     _AdccRegs

00007580     1d6 (00007580)     _AdcdRegs

00007900     1e4 (00007900)     _InputXbarRegs
00007920     1e4 (00007900)     _XbarRegs

00007940     1e5 (00007940)     _SyncSocRegs

00007980     1e6 (00007980)     _DmaClaSrcSelRegs

00007a00     1e8 (00007a00)     _EPwmXbarRegs

00007a80     1ea (00007a80)     _OutputXbarRegs

00007c00     1f0 (00007c00)     _GpioCtrlRegs

00007f00     1fc (00007f00)     _GpioDataRegs

0000a800     2a0 (0000a800)     _PieVectTableInit

0000a9c0     2a7 (0000a9c0)     _OSUnMapTbl

0000aafc     2ab (0000aac0)     _OSTaskStatStkSize
0000aafd     2ab (0000aac0)     _OSTaskStatStkChkEn
0000aafe     2ab (0000aac0)     _OSTaskNameEn
0000aaff     2ab (0000aac0)     _OSTaskRegTblSize

0000ab00     2ac (0000ab00)     _OSTCBPrioTblMax
0000ab01     2ac (0000ab00)     _OSTaskStatEn
0000ab02     2ac (0000ab00)     _OSTaskSwHookEn
0000ab03     2ac (0000ab00)     _OSTaskCreateExtEn
0000ab04     2ac (0000ab00)     _OSTaskDelEn
0000ab05     2ac (0000ab00)     _OSStkWidth
0000ab06     2ac (0000ab00)     _OSTaskProfileEn
0000ab07     2ac (0000ab00)     _OSTaskMax
0000ab08     2ac (0000ab00)     _OSTaskCreateEn
0000ab09     2ac (0000ab00)     _OSTaskIdleStkSize
0000ab0a     2ac (0000ab00)     _OSTmrSize
0000ab0b     2ac (0000ab00)     _OSTmrTblSize
0000ab0c     2ac (0000ab00)     _OSTmrCfgWheelSize
0000ab0d     2ac (0000ab00)     _OSTmrWheelTblSize
0000ab0e     2ac (0000ab00)     _OSDataSize
0000ab0f     2ac (0000ab00)     _OSTmrCfgTicksPerSec
0000ab10     2ac (0000ab00)     _OSTmrWheelSize
0000ab11     2ac (0000ab00)     _OSTimeTickHookEn
0000ab12     2ac (0000ab00)     _OSVersionNbr
0000ab13     2ac (0000ab00)     _OSTCBSize
0000ab14     2ac (0000ab00)     _OSTmrCfgMax
0000ab15     2ac (0000ab00)     _OSTmrCfgNameEn
0000ab16     2ac (0000ab00)     _OSTicksPerSec
0000ab17     2ac (0000ab00)     _OSTmrEn
0000ab18     2ac (0000ab00)     _OSFlagNodeSize
0000ab19     2ac (0000ab00)     _OSFlagWidth
0000ab1a     2ac (0000ab00)     _OSFlagEn
0000ab1b     2ac (0000ab00)     _OSFlagNameEn
0000ab1c     2ac (0000ab00)     _OSLowestPrio
0000ab1d     2ac (0000ab00)     _OSFlagGrpSize
0000ab1e     2ac (0000ab00)     _OSFlagMax
0000ab1f     2ac (0000ab00)     _OSEventMax
0000ab20     2ac (0000ab00)     _OSEventNameEn
0000ab21     2ac (0000ab00)     _OSDebugEn
0000ab22     2ac (0000ab00)     _OSEventTblSize
0000ab23     2ac (0000ab00)     _OSEventMultiEn
0000ab24     2ac (0000ab00)     _OSEventEn
0000ab25     2ac (0000ab00)     _OSQEn
0000ab26     2ac (0000ab00)     _OSQMax
0000ab27     2ac (0000ab00)     _OSMutexEn
0000ab28     2ac (0000ab00)     _OSRdyTblSize
0000ab29     2ac (0000ab00)     _OSSemEn
0000ab2a     2ac (0000ab00)     _OSPtrSize
0000ab2b     2ac (0000ab00)     _OSQSize
0000ab2c     2ac (0000ab00)     _OSMemEn
0000ab2d     2ac (0000ab00)     _OSMemMax
0000ab2e     2ac (0000ab00)     _OSEventSize
0000ab2f     2ac (0000ab00)     _OSMemSize
0000ab30     2ac (0000ab00)     _OSMemTblSize
0000ab31     2ac (0000ab00)     _OSMboxEn
0000ab32     2ac (0000ab00)     _OSMemNameEn
0000ab34     2ac (0000ab00)     _OSEndiannessTest

0000ab62     2ad (0000ab40)     _CPU_EndiannessTest
0000ab64     2ad (0000ab40)     _CpuTimer1
0000ab6c     2ad (0000ab40)     _CpuTimer2
0000ab74     2ad (0000ab40)     _CpuTimer0
0000ab7c     2ad (0000ab40)     __lock
0000ab7e     2ad (0000ab40)     __unlock

0000ab80     2ae (0000ab80)     ___TI_enable_exit_profile_output
0000ab82     2ae (0000ab80)     ___TI_cleanup_ptr
0000ab84     2ae (0000ab80)     ___TI_dtors_ptr
0000ab86     2ae (0000ab80)     _Math_RandSeedCur

0000e000     380 (0000e000)     _App_TaskStartStk

0000e100     384 (0000e100)     _App_TaskPendStk

0000e200     388 (0000e200)     _App_TaskPostStk

0000e300     38c (0000e300)     _Mem_SegHeadPtr
0000e302     38c (0000e300)     _Mem_SegHeap

0000e340     38d (0000e340)     _Mem_Heap

0000f340     3cd (0000f340)     _OSTaskCtr
0000f341     3cd (0000f340)     _OSTaskRegNextAvailID
0000f342     3cd (0000f340)     _OSTickStepState
0000f343     3cd (0000f340)     _OSRunning
0000f344     3cd (0000f340)     _OSCPUUsage
0000f345     3cd (0000f340)     _OSPrioCur
0000f346     3cd (0000f340)     _OSLockNesting
0000f347     3cd (0000f340)     _OSRdyGrp
0000f348     3cd (0000f340)     _OSStatRdy
0000f349     3cd (0000f340)     _OSPrioHighRdy
0000f34a     3cd (0000f340)     _OSIntNesting
0000f34c     3cd (0000f340)     _OSTime
0000f34e     3cd (0000f340)     _OSIdleCtr
0000f350     3cd (0000f340)     _OSIdleCtrRun
0000f352     3cd (0000f340)     _OSTCBFreeList
0000f354     3cd (0000f340)     _OSTCBCur
0000f356     3cd (0000f340)     _OSEventFreeList
0000f358     3cd (0000f340)     _OSCtxSwCtr
0000f35a     3cd (0000f340)     _OSIdleCtrMax
0000f35c     3cd (0000f340)     _OSMemFreeList
0000f35e     3cd (0000f340)     _OSQFreeList
0000f360     3cd (0000f340)     _OSTCBList
0000f362     3cd (0000f340)     _OSFlagFreeList
0000f364     3cd (0000f340)     _OSTCBHighRdy
0000f366     3cd (0000f340)     _OSRdyTbl

0000f380     3ce (0000f380)     _OSFlagTbl

0000f3c0     3cf (0000f3c0)     _OSQTbl

0000f400     3d0 (0000f400)     _OSMemTbl

0000f440     3d1 (0000f440)     _OSTCBPrioTbl

0000f4c0     3d3 (0000f4c0)     _OSEventTbl

0000f580     3d6 (0000f580)     _OSTaskIdleStk

0000f680     3da (0000f680)     _OSTaskStatStk

0000f780     3de (0000f780)     _OSTCBTbl

00047000    11c0 (00047000)     _Emif1Regs

00047800    11e0 (00047800)     _Emif2Regs

00048000    1200 (00048000)     _CanaRegs

0004a000    1280 (0004a000)     _CanbRegs

00050000    1400 (00050000)     _IpcRegs
00050024    1400 (00050000)     _FlashPumpSemaphoreRegs

0005d000    1740 (0005d000)     _DevCfgRegs

0005d180    1746 (0005d180)     _AnalogSubsysRegs

0005d200    1748 (0005d200)     _ClkCfgRegs

0005d300    174c (0005d300)     _CpuSysRegs

0005e608    1798 (0005e600)     _RomPrefetchRegs

0005f000    17c0 (0005f000)     _DcsmZ1Regs

0005f040    17c1 (0005f040)     _DcsmZ2Regs
0005f070    17c1 (0005f040)     _DcsmCommonRegs

0005f400    17d0 (0005f400)     _MemCfgRegs

0005f480    17d2 (0005f480)     _Emif1ConfigRegs
0005f4a0    17d2 (0005f480)     _Emif2ConfigRegs

0005f4c0    17d3 (0005f4c0)     _AccessProtectionRegs

0005f500    17d4 (0005f500)     _MemoryErrorRegs

0005f540    17d5 (0005f540)     _RomWaitStateRegs

0005f800    17e0 (0005f800)     _Flash0CtrlRegs

0005fb00    17ec (0005fb00)     _Flash0EccRegs

00078000    1e00 (00078000)     _DcsmZ1Otp

00078200    1e08 (00078200)     _DcsmZ2Otp


GLOBAL SYMBOLS: SORTED ALPHABETICALLY BY Name 

page  address   name                                  
----  -------   ----                                  
abs   ffffffff  .text                                 
0     00009fc4  C$$EXIT                               
0     000088b4  _ADCA1_ISR                            
0     00008b34  _ADCA2_ISR                            
0     00008b3e  _ADCA3_ISR                            
0     00008b48  _ADCA4_ISR                            
0     00008b2a  _ADCA_EVT_ISR                         
0     000088be  _ADCB1_ISR                            
0     00008b5c  _ADCB2_ISR                            
0     00008b66  _ADCB3_ISR                            
0     00008b70  _ADCB4_ISR                            
0     00008b52  _ADCB_EVT_ISR                         
0     000088c8  _ADCC1_ISR                            
0     00008cc4  _ADCC2_ISR                            
0     00008cce  _ADCC3_ISR                            
0     00008cd8  _ADCC4_ISR                            
0     00008cba  _ADCC_EVT_ISR                         
0     000088e6  _ADCD1_ISR                            
0     00008cec  _ADCD2_ISR                            
0     00008cf6  _ADCD3_ISR                            
0     00008d00  _ADCD4_ISR                            
0     00008ce2  _ADCD_EVT_ISR                         
0     00008d3c  _AUX_PLL_SLIP_ISR                     
1     0005f4c0  _AccessProtectionRegs                 
1     00007400  _AdcaRegs                             
1     00000b00  _AdcaResultRegs                       
1     00007480  _AdcbRegs                             
1     00000b20  _AdcbResultRegs                       
1     00007500  _AdccRegs                             
1     00000b40  _AdccResultRegs                       
1     00007580  _AdcdRegs                             
1     00000b60  _AdcdResultRegs                       
1     0005d180  _AnalogSubsysRegs                     
1     0000e100  _App_TaskPendStk                      
1     0000e200  _App_TaskPostStk                      
1     0000e000  _App_TaskStartStk                     
0     00009ee3  _AuxAuxClkSel                         
0     00009ecd  _AuxIntOsc2Sel                        
0     00009ed7  _AuxXtalOscSel                        
0     00008f21  _BSP_INIT                             
0     00008f2c  _BSP_LED_Off                          
0     00008f5e  _BSP_LED_Toggle                       
0     00008f31  _BSP_Tick_Init                        
0     00008b02  _CANA0_ISR                            
0     00008b0c  _CANA1_ISR                            
0     00008b16  _CANB0_ISR                            
0     00008b20  _CANB1_ISR                            
0     00008b7a  _CLA1_1_ISR                           
0     00008b84  _CLA1_2_ISR                           
0     00008b8e  _CLA1_3_ISR                           
0     00008b98  _CLA1_4_ISR                           
0     00008ba2  _CLA1_5_ISR                           
0     00008bac  _CLA1_6_ISR                           
0     00008bb6  _CLA1_7_ISR                           
0     00008bc0  _CLA1_8_ISR                           
0     00008d46  _CLA_OVERFLOW_ISR                     
0     00008d50  _CLA_UNDERFLOW_ISR                    
0     0000a083  _CPU_CntLeadZeros                     
1     0000ab62  _CPU_EndiannessTest                   
0     00008f0f  _CPU_Initfunc                         
0     0000a072  _CPU_IntDis                           
0     0000a074  _CPU_IntEn                            
0     0000a08f  _CPU_RevBits                          
0     0000a07b  _CPU_SR_Restore                       
0     0000a076  _CPU_SR_Save                          
1     00048000  _CanaRegs                             
1     0004a000  _CanbRegs                             
1     00001400  _Cla1Regs                             
0     00000ce0  _Cla1SoftIntRegs                      
1     0005d200  _ClkCfgRegs                           
1     00005c80  _Cmpss1Regs                           
1     00005ca0  _Cmpss2Regs                           
1     00005cc0  _Cmpss3Regs                           
1     00005ce0  _Cmpss4Regs                           
1     00005d00  _Cmpss5Regs                           
1     00005d20  _Cmpss6Regs                           
1     00005d40  _Cmpss7Regs                           
1     00005d60  _Cmpss8Regs                           
0     000003c5  _ConfigCpuTimer                       
1     0005d300  _CpuSysRegs                           
1     0000ab74  _CpuTimer0                            
1     00000c00  _CpuTimer0Regs                        
1     0000ab64  _CpuTimer1                            
1     00000c08  _CpuTimer1Regs                        
1     0000ab6c  _CpuTimer2                            
1     00000c10  _CpuTimer2Regs                        
0     00009e8c  _CsmUnlock                            
0     00008814  _DATALOG_ISR                          
0     00008a4e  _DMA_CH1_ISR                          
0     00008a58  _DMA_CH2_ISR                          
0     00008a62  _DMA_CH3_ISR                          
0     00008a6c  _DMA_CH4_ISR                          
0     00008a76  _DMA_CH5_ISR                          
0     00008a80  _DMA_CH6_ISR                          
1     00005c00  _DacaRegs                             
1     00005c10  _DacbRegs                             
1     00005c20  _DaccRegs                             
1     0005f070  _DcsmCommonRegs                       
1     00078000  _DcsmZ1Otp                            
1     0005f000  _DcsmZ1Regs                           
1     00078200  _DcsmZ2Otp                            
1     0005f040  _DcsmZ2Regs                           
1     0005d000  _DevCfgRegs                           
0     00009cf0  _DisableDog                           
0     00009cb1  _DisablePeripheralClocks              
1     00007980  _DmaClaSrcSelRegs                     
1     00001000  _DmaRegs                              
0     000089a4  _ECAP1_ISR                            
0     000089ae  _ECAP2_ISR                            
0     000089b8  _ECAP3_ISR                            
0     000089c2  _ECAP4_ISR                            
0     000089cc  _ECAP5_ISR                            
0     000089d6  _ECAP6_ISR                            
1     00005000  _ECap1Regs                            
1     00005020  _ECap2Regs                            
1     00005040  _ECap3Regs                            
1     00005060  _ECap4Regs                            
1     00005080  _ECap5Regs                            
1     000050a0  _ECap6Regs                            
0     00008d0a  _EMIF_ERROR_ISR                       
0     00008d64  _EMPTY_ISR                            
0     0000881e  _EMU_ISR                              
0     00008c60  _EPWM10_ISR                           
0     00008c38  _EPWM10_TZ_ISR                        
0     00008c6a  _EPWM11_ISR                           
0     00008c42  _EPWM11_TZ_ISR                        
0     00008c74  _EPWM12_ISR                           
0     00008c4c  _EPWM12_TZ_ISR                        
0     00008954  _EPWM1_ISR                            
0     00008904  _EPWM1_TZ_ISR                         
0     0000895e  _EPWM2_ISR                            
0     0000890e  _EPWM2_TZ_ISR                         
0     00008968  _EPWM3_ISR                            
0     00008918  _EPWM3_TZ_ISR                         
0     00008972  _EPWM4_ISR                            
0     00008922  _EPWM4_TZ_ISR                         
0     0000897c  _EPWM5_ISR                            
0     0000892c  _EPWM5_TZ_ISR                         
0     00008986  _EPWM6_ISR                            
0     00008936  _EPWM6_TZ_ISR                         
0     00008990  _EPWM7_ISR                            
0     00008940  _EPWM7_TZ_ISR                         
0     0000899a  _EPWM8_ISR                            
0     0000894a  _EPWM8_TZ_ISR                         
0     00008c56  _EPWM9_ISR                            
0     00008c2e  _EPWM9_TZ_ISR                         
1     00004900  _EPwm10Regs                           
1     00004a00  _EPwm11Regs                           
1     00004b00  _EPwm12Regs                           
1     00004000  _EPwm1Regs                            
1     00004100  _EPwm2Regs                            
1     00004200  _EPwm3Regs                            
1     00004300  _EPwm4Regs                            
1     00004400  _EPwm5Regs                            
1     00004500  _EPwm6Regs                            
1     00004600  _EPwm7Regs                            
1     00004700  _EPwm8Regs                            
1     00004800  _EPwm9Regs                            
1     00007a00  _EPwmXbarRegs                         
0     000089e0  _EQEP1_ISR                            
0     000089ea  _EQEP2_ISR                            
0     000089f4  _EQEP3_ISR                            
1     00005100  _EQep1Regs                            
1     00005140  _EQep2Regs                            
1     00005180  _EQep3Regs                            
1     0005f480  _Emif1ConfigRegs                      
1     00047000  _Emif1Regs                            
1     0005f4a0  _Emif2ConfigRegs                      
1     00047800  _Emif2Regs                            
1     00000d01  _EmuBMode                             
1     00000d00  _EmuKey                               
0     0000a01f  _EnableInterrupts                     
0     0000013c  _F28x_usDelay                         
0     00008d1e  _FLASH_CORRECTABLE_ERROR_ISR          
0     00008bf2  _FPU_OVERFLOW_ISR                     
0     00008bfc  _FPU_UNDERFLOW_ISR                    
1     0005f800  _Flash0CtrlRegs                       
1     0005fb00  _Flash0EccRegs                        
1     00050024  _FlashPumpSemaphoreRegs               
0     00000339  _GPIO_EnableUnbondedIOPullups         
0     00000314  _GPIO_EnableUnbondedIOPullupsFor100Pin
0     000002fb  _GPIO_EnableUnbondedIOPullupsFor176Pin
0     0000034f  _GPIO_ReadPin                         
0     000002a0  _GPIO_SetupLock                       
0     00000180  _GPIO_SetupPinMux                     
0     0000020c  _GPIO_SetupPinOptions                 
0     000002c9  _GPIO_SetupXINT1Gpio                  
0     000002d3  _GPIO_SetupXINT2Gpio                  
0     000002dd  _GPIO_SetupXINT3Gpio                  
0     000002e7  _GPIO_SetupXINT4Gpio                  
0     000002f1  _GPIO_SetupXINT5Gpio                  
0     00000366  _GPIO_WritePin                        
1     00007c00  _GpioCtrlRegs                         
1     00007f00  _GpioDataRegs                         
0     00009f01  _HALT                                 
0     00009f1a  _HIB                                  
0     00008a94  _I2CA_FIFO_ISR                        
0     00008a8a  _I2CA_ISR                             
0     00008aa8  _I2CB_FIFO_ISR                        
0     00008a9e  _I2CB_ISR                             
1     00007300  _I2caRegs                             
1     00007340  _I2cbRegs                             
0     00009eed  _IDLE                                 
0     00008832  _ILLEGAL_ISR                          
0     00008c06  _IPC0_ISR                             
0     00008c10  _IPC1_ISR                             
0     00008c1a  _IPC2_ISR                             
0     00008c24  _IPC3_ISR                             
0     00009dc4  _InitAuxPll                           
0     00000384  _InitCpuTimers                        
0     00000140  _InitGpio                             
0     00009c2d  _InitPeripheralClocks                 
0     0000a000  _InitPieCtrl                          
0     0000a028  _InitPieVectTable                     
0     00009bfc  _InitSysCtrl                          
0     00009cfe  _InitSysPll                           
1     00007900  _InputXbarRegs                        
1     00050000  _IpcRegs                              
0     00008a26  _MCBSPA_RX_ISR                        
0     00008a30  _MCBSPA_TX_ISR                        
0     00008a3a  _MCBSPB_RX_ISR                        
0     00008a44  _MCBSPB_TX_ISR                        
1     0000ab86  _Math_RandSeedCur                     
1     00006000  _McbspaRegs                           
1     00006040  _McbspbRegs                           
1     0005f400  _MemCfgRegs                           
1     0000e340  _Mem_Heap                             
1     0000e300  _Mem_SegHeadPtr                       
1     0000e302  _Mem_SegHeap                          
1     0005f500  _MemoryErrorRegs                      
0     00008828  _NMI_ISR                              
0     00008d71  _NOTUSED_ISR                          
1     00007060  _NmiIntruptRegs                       
1     0000f344  _OSCPUUsage                           
1     0000f358  _OSCtxSwCtr                           
1     0000ab0e  _OSDataSize                           
1     0000ab21  _OSDebugEn                            
0     00009f37  _OSDebugInit                          
1     0000ab34  _OSEndiannessTest                     
1     0000ab24  _OSEventEn                            
1     0000f356  _OSEventFreeList                      
1     0000ab1f  _OSEventMax                           
1     0000ab23  _OSEventMultiEn                       
1     0000ab20  _OSEventNameEn                        
0     0000b000  _OSEventNameGet                       
0     0000b03f  _OSEventNameSet                       
0     0000b073  _OSEventPendMulti                     
1     0000ab2e  _OSEventSize                          
1     0000f4c0  _OSEventTbl                           
1     0000ab22  _OSEventTblSize                       
0     00009000  _OSFlagAccept                         
0     0000908b  _OSFlagCreate                         
0     000090be  _OSFlagDel                            
1     0000ab1a  _OSFlagEn                             
1     0000f362  _OSFlagFreeList                       
1     0000ab1d  _OSFlagGrpSize                        
1     0000ab1e  _OSFlagMax                            
1     0000ab1b  _OSFlagNameEn                         
0     00009143  _OSFlagNameGet                        
0     0000917d  _OSFlagNameSet                        
1     0000ab18  _OSFlagNodeSize                       
0     000091ac  _OSFlagPend                           
0     00009305  _OSFlagPendGetFlagsRdy                
0     00009317  _OSFlagPost                           
0     000093d7  _OSFlagQuery                          
1     0000f380  _OSFlagTbl                            
1     0000ab19  _OSFlagWidth                          
1     0000f34e  _OSIdleCtr                            
1     0000f35a  _OSIdleCtrMax                         
1     0000f350  _OSIdleCtrRun                         
0     0000b22d  _OSInit                               
0     000094f3  _OSInitHookBegin                      
0     0000953d  _OSInitHookEnd                        
0     0000b246  _OSIntEnter                           
0     0000b250  _OSIntExit                            
1     0000f34a  _OSIntNesting                         
1     0000f346  _OSLockNesting                        
1     0000ab1c  _OSLowestPrio                         
1     0000ab31  _OSMboxEn                             
0     00008d7b  _OSMemCreate                          
1     0000ab2c  _OSMemEn                              
1     0000f35c  _OSMemFreeList                        
0     00008de4  _OSMemGet                             
1     0000ab2d  _OSMemMax                             
1     0000ab32  _OSMemNameEn                          
0     00008e14  _OSMemNameGet                         
0     00008e45  _OSMemNameSet                         
0     00008e6c  _OSMemPut                             
0     00008e9b  _OSMemQuery                           
1     0000ab2f  _OSMemSize                            
1     0000f400  _OSMemTbl                             
1     0000ab30  _OSMemTblSize                         
1     0000ab27  _OSMutexEn                            
1     0000f345  _OSPrioCur                            
1     0000f349  _OSPrioHighRdy                        
1     0000ab2a  _OSPtrSize                            
0     00009800  _OSQAccept                            
0     00009848  _OSQCreate                            
0     000098ad  _OSQDel                               
1     0000ab25  _OSQEn                                
0     00009946  _OSQFlush                             
1     0000f35e  _OSQFreeList                          
1     0000ab26  _OSQMax                               
0     0000996c  _OSQPend                              
0     00009a21  _OSQPendAbort                         
0     00009a65  _OSQPost                              
0     00009aad  _OSQPostFront                         
0     00009b01  _OSQPostOpt                           
0     00009b75  _OSQQuery                             
1     0000ab2b  _OSQSize                              
1     0000f3c0  _OSQTbl                               
1     0000f347  _OSRdyGrp                             
1     0000f366  _OSRdyTbl                             
1     0000ab28  _OSRdyTblSize                         
1     0000f343  _OSRunning                            
0     0000b283  _OSSchedLock                          
0     0000b29a  _OSSchedUnlock                        
0     000085cc  _OSSemAccept                          
0     000085e6  _OSSemCreate                          
0     00008615  _OSSemDel                             
1     0000ab29  _OSSemEn                              
0     00008698  _OSSemPend                            
0     00008716  _OSSemPendAbort                       
0     0000875a  _OSSemPost                            
0     00008787  _OSSemQuery                           
0     000087c1  _OSSemSet                             
0     0000b2c0  _OSStart                              
0     00009753  _OSStartHighRdy                       
0     0000b2d7  _OSStatInit                           
1     0000f348  _OSStatRdy                            
1     0000ab05  _OSStkWidth                           
1     0000f354  _OSTCBCur                             
1     0000f352  _OSTCBFreeList                        
1     0000f364  _OSTCBHighRdy                         
0     0000962d  _OSTCBInitHook                        
1     0000f360  _OSTCBList                            
1     0000f440  _OSTCBPrioTbl                         
1     0000ab00  _OSTCBPrioTblMax                      
1     0000ab13  _OSTCBSize                            
1     0000f780  _OSTCBTbl                             
0     00008000  _OSTaskChangePrio                     
0     00008109  _OSTaskCreate                         
1     0000ab08  _OSTaskCreateEn                       
0     00008167  _OSTaskCreateExt                      
1     0000ab03  _OSTaskCreateExtEn                    
0     0000953e  _OSTaskCreateHook                     
1     0000f340  _OSTaskCtr                            
0     000081cf  _OSTaskDel                            
1     0000ab04  _OSTaskDelEn                          
0     00009542  _OSTaskDelHook                        
0     000082c4  _OSTaskDelReq                         
0     00009546  _OSTaskIdleHook                       
1     0000f580  _OSTaskIdleStk                        
1     0000ab09  _OSTaskIdleStkSize                    
1     0000ab07  _OSTaskMax                            
1     0000aafe  _OSTaskNameEn                         
0     00008308  _OSTaskNameGet                        
0     00008364  _OSTaskNameSet                        
1     0000ab06  _OSTaskProfileEn                      
0     000084e7  _OSTaskQuery                          
0     00008525  _OSTaskRegGet                         
0     0000855c  _OSTaskRegGetID                       
1     0000f341  _OSTaskRegNextAvailID                 
0     00008578  _OSTaskRegSet                         
1     0000aaff  _OSTaskRegTblSize                     
0     000083b4  _OSTaskResume                         
0     00009547  _OSTaskReturnHook                     
1     0000ab01  _OSTaskStatEn                         
0     0000954b  _OSTaskStatHook                       
1     0000f680  _OSTaskStatStk                        
1     0000aafd  _OSTaskStatStkChkEn                   
1     0000aafc  _OSTaskStatStkSize                    
0     00008419  _OSTaskStkChk                         
0     0000954c  _OSTaskStkInit                        
0     00008478  _OSTaskSuspend                        
0     0000962c  _OSTaskSwHook                         
1     0000ab02  _OSTaskSwHookEn                       
1     0000f342  _OSTickStepState                      
1     0000ab16  _OSTicksPerSec                        
1     0000f34c  _OSTime                               
0     00009632  _OSTimeDly                            
0     0000966f  _OSTimeDlyHMSM                        
0     000096b7  _OSTimeDlyResume                      
0     00009722  _OSTimeGet                            
0     00009731  _OSTimeSet                            
0     0000b2f7  _OSTimeTick                           
0     00009631  _OSTimeTickHook                       
1     0000ab11  _OSTimeTickHookEn                     
1     0000ab14  _OSTmrCfgMax                          
1     0000ab15  _OSTmrCfgNameEn                       
1     0000ab0f  _OSTmrCfgTicksPerSec                  
1     0000ab0c  _OSTmrCfgWheelSize                    
1     0000ab17  _OSTmrEn                              
1     0000ab0a  _OSTmrSize                            
1     0000ab0b  _OSTmrTblSize                         
1     0000ab10  _OSTmrWheelSize                       
1     0000ab0d  _OSTmrWheelTblSize                    
1     0000a9c0  _OSUnMapTbl                           
0     0000b377  _OSVersion                            
1     0000ab12  _OSVersionNbr                         
0     00009740  _OS_CPU_GetST0                        
0     00009743  _OS_CPU_GetST1                        
0     00009786  _OS_CPU_RTOSINT_Handler               
0     0000974b  _OS_CPU_SR_Restore                    
0     00009746  _OS_CPU_SR_Save                       
0     0000b37a  _OS_Dummy                             
0     0000b37b  _OS_EventTaskRdy                      
0     0000b462  _OS_EventTaskRemove                   
0     0000b488  _OS_EventTaskRemoveMulti              
0     0000b3de  _OS_EventTaskWait                     
0     0000b416  _OS_EventTaskWaitMulti                
0     0000b4bc  _OS_EventWaitListInit                 
0     00009452  _OS_FlagInit                          
0     000094ce  _OS_FlagUnlink                        
0     0000b5c6  _OS_MemClr                            
0     0000b5d5  _OS_MemCopy                           
0     00008ed3  _OS_MemInit                           
0     00009bca  _OS_QInit                             
0     0000b5e8  _OS_Sched                             
0     0000b627  _OS_StrLen                            
0     0000b6c0  _OS_TCBInit                           
0     0000b639  _OS_TaskIdle                          
0     000085ad  _OS_TaskReturn                        
0     0000b64a  _OS_TaskStat                          
0     0000b691  _OS_TaskStatStkChk                    
0     000085b6  _OS_TaskStkClr                        
1     00007a80  _OutputXbarRegs                       
0     00008d5a  _PIE_RESERVED_ISR                     
1     00000ce0  _PieCtrlRegs                          
1     00000d00  _PieVectTable                         
1     0000a800  _PieVectTableInit                     
0     00008d28  _RAM_ACCESS_VIOLATION_ISR             
0     00008d14  _RAM_CORRECTABLE_ERROR_ISR            
0     00009cd8  _ReleaseFlashPump                     
1     0005e608  _RomPrefetchRegs                      
1     0005f540  _RomWaitStateRegs                     
0     00008ada  _SCIA_RX_ISR                          
0     00008ae4  _SCIA_TX_ISR                          
0     00008aee  _SCIB_RX_ISR                          
0     00008af8  _SCIB_TX_ISR                          
0     00008ab2  _SCIC_RX_ISR                          
0     00008abc  _SCIC_TX_ISR                          
0     00008ac6  _SCID_RX_ISR                          
0     00008ad0  _SCID_TX_ISR                          
0     00008c7e  _SD1_ISR                              
0     00008c88  _SD2_ISR                              
0     000089fe  _SPIA_RX_ISR                          
0     00008a08  _SPIA_TX_ISR                          
0     00008a12  _SPIB_RX_ISR                          
0     00008a1c  _SPIB_TX_ISR                          
0     00008c92  _SPIC_RX_ISR                          
0     00008c9c  _SPIC_TX_ISR                          
0     00009ef6  _STANDBY                              
0     00008d32  _SYS_PLL_SLIP_ISR                     
1     00007200  _SciaRegs                             
1     00007210  _ScibRegs                             
1     00007220  _ScicRegs                             
1     00007230  _ScidRegs                             
1     00005e00  _Sdfm1Regs                            
1     00005e80  _Sdfm2Regs                            
0     00009cc9  _SeizeFlashPump                       
0     00009ce2  _ServiceDog                           
1     00006100  _SpiaRegs                             
1     00006110  _SpibRegs                             
1     00006120  _SpicRegs                             
1     00007940  _SyncSocRegs                          
0     00009ead  _SysIntOsc1Sel                        
0     00009eb7  _SysIntOsc2Sel                        
0     00009ec1  _SysXtalOscSel                        
0     000088f0  _TIMER0_ISR                           
0     00008800  _TIMER1_ISR                           
0     0000880a  _TIMER2_ISR                           
0     00008ca6  _UPPA_ISR                             
0     00008cb0  _USBA_ISR                             
0     00008896  _USER10_ISR                           
0     000088a0  _USER11_ISR                           
0     000088aa  _USER12_ISR                           
0     0000883c  _USER1_ISR                            
0     00008846  _USER2_ISR                            
0     00008850  _USER3_ISR                            
0     0000885a  _USER4_ISR                            
0     00008864  _USER5_ISR                            
0     0000886e  _USER6_ISR                            
0     00008878  _USER7_ISR                            
0     00008882  _USER8_ISR                            
0     0000888c  _USER9_ISR                            
1     00006200  _UppRegs                              
0     00008be8  _VCU_ISR                              
0     000088fa  _WAKE_ISR                             
1     00007000  _WdRegs                               
0     000088d2  _XINT1_ISR                            
0     000088dc  _XINT2_ISR                            
0     00008bca  _XINT3_ISR                            
0     00008bd4  _XINT4_ISR                            
0     00008bde  _XINT5_ISR                            
1     00007920  _XbarRegs                             
1     00007070  _XintRegs                             
1     00000800  __STACK_END                           
abs   00000400  __STACK_SIZE                          
1     0000ab82  ___TI_cleanup_ptr                     
1     0000ab84  ___TI_dtors_ptr                       
1     0000ab80  ___TI_enable_exit_profile_output      
abs   ffffffff  ___TI_pprof_out_hndl                  
abs   ffffffff  ___TI_prof_data_size                  
abs   ffffffff  ___TI_prof_data_start                 
abs   ffffffff  ___binit__                            
abs   ffffffff  ___c_args__                           
0     00000122  ___cinit__                            
abs   ffffffff  ___etext__                            
abs   ffffffff  ___pinit__                            
abs   ffffffff  ___text__                             
0     000097e4  __args_main                           
1     0000ab7c  __lock                                
0     000087f3  __nop                                 
0     000087ef  __register_lock                       
0     000087eb  __register_unlock                     
1     00000400  __stack                               
0     000087f4  __system_post_cinit                   
0     0000b7fe  __system_pre_init                     
1     0000ab7e  __unlock                              
0     00009fc4  _abort                                
0     0000b7a8  _c_int00                              
0     0000a04e  _copy_in                              
0     00008fbe  _cpu_timer0_isr                       
0     00009fc6  _exit                                 
0     00008f63  _main                                 
0     0000a091  _memcpy                               
abs   ffffffff  binit                                 
0     00000122  cinit                                 
0     00000000  code_start                            
abs   ffffffff  etext                                 
abs   ffffffff  pinit                                 


GLOBAL SYMBOLS: SORTED BY Symbol Address 

page  address   name                                  
----  -------   ----                                  
0     00000000  code_start                            
0     00000122  ___cinit__                            
0     00000122  cinit                                 
0     0000013c  _F28x_usDelay                         
0     00000140  _InitGpio                             
0     00000180  _GPIO_SetupPinMux                     
0     0000020c  _GPIO_SetupPinOptions                 
0     000002a0  _GPIO_SetupLock                       
0     000002c9  _GPIO_SetupXINT1Gpio                  
0     000002d3  _GPIO_SetupXINT2Gpio                  
0     000002dd  _GPIO_SetupXINT3Gpio                  
0     000002e7  _GPIO_SetupXINT4Gpio                  
0     000002f1  _GPIO_SetupXINT5Gpio                  
0     000002fb  _GPIO_EnableUnbondedIOPullupsFor176Pin
0     00000314  _GPIO_EnableUnbondedIOPullupsFor100Pin
0     00000339  _GPIO_EnableUnbondedIOPullups         
0     0000034f  _GPIO_ReadPin                         
0     00000366  _GPIO_WritePin                        
0     00000384  _InitCpuTimers                        
0     000003c5  _ConfigCpuTimer                       
0     00000ce0  _Cla1SoftIntRegs                      
0     00008000  _OSTaskChangePrio                     
0     00008109  _OSTaskCreate                         
0     00008167  _OSTaskCreateExt                      
0     000081cf  _OSTaskDel                            
0     000082c4  _OSTaskDelReq                         
0     00008308  _OSTaskNameGet                        
0     00008364  _OSTaskNameSet                        
0     000083b4  _OSTaskResume                         
0     00008419  _OSTaskStkChk                         
0     00008478  _OSTaskSuspend                        
0     000084e7  _OSTaskQuery                          
0     00008525  _OSTaskRegGet                         
0     0000855c  _OSTaskRegGetID                       
0     00008578  _OSTaskRegSet                         
0     000085ad  _OS_TaskReturn                        
0     000085b6  _OS_TaskStkClr                        
0     000085cc  _OSSemAccept                          
0     000085e6  _OSSemCreate                          
0     00008615  _OSSemDel                             
0     00008698  _OSSemPend                            
0     00008716  _OSSemPendAbort                       
0     0000875a  _OSSemPost                            
0     00008787  _OSSemQuery                           
0     000087c1  _OSSemSet                             
0     000087eb  __register_unlock                     
0     000087ef  __register_lock                       
0     000087f3  __nop                                 
0     000087f4  __system_post_cinit                   
0     00008800  _TIMER1_ISR                           
0     0000880a  _TIMER2_ISR                           
0     00008814  _DATALOG_ISR                          
0     0000881e  _EMU_ISR                              
0     00008828  _NMI_ISR                              
0     00008832  _ILLEGAL_ISR                          
0     0000883c  _USER1_ISR                            
0     00008846  _USER2_ISR                            
0     00008850  _USER3_ISR                            
0     0000885a  _USER4_ISR                            
0     00008864  _USER5_ISR                            
0     0000886e  _USER6_ISR                            
0     00008878  _USER7_ISR                            
0     00008882  _USER8_ISR                            
0     0000888c  _USER9_ISR                            
0     00008896  _USER10_ISR                           
0     000088a0  _USER11_ISR                           
0     000088aa  _USER12_ISR                           
[...]
0     00008cb0  _USBA_ISR                             
0     00008cba  _ADCC_EVT_ISR                         
0     00008cc4  _ADCC2_ISR                            
0     00008cce  _ADCC3_ISR                            
0     00008cd8  _ADCC4_ISR                            
0     00008ce2  _ADCD_EVT_ISR                         
0     00008cec  _ADCD2_ISR                            
0     00008cf6  _ADCD3_ISR                            
0     00008d00  _ADCD4_ISR                            
0     00008d0a  _EMIF_ERROR_ISR                       
0     00008d14  _RAM_CORRECTABLE_ERROR_ISR            
0     00008d1e  _FLASH_CORRECTABLE_ERROR_ISR          
0     00008d28  _RAM_ACCESS_VIOLATION_ISR             
0     00008d32  _SYS_PLL_SLIP_ISR                     
0     00008d3c  _AUX_PLL_SLIP_ISR                     
0     00008d46  _CLA_OVERFLOW_ISR                     
0     00008d50  _CLA_UNDERFLOW_ISR                    
0     00008d5a  _PIE_RESERVED_ISR                     
0     00008d64  _EMPTY_ISR                            
0     00008d71  _NOTUSED_ISR                          
0     00008d7b  _OSMemCreate                          
0     00008de4  _OSMemGet                             
0     00008e14  _OSMemNameGet                         
0     00008e45  _OSMemNameSet                         
0     00008e6c  _OSMemPut                             
0     00008e9b  _OSMemQuery                           
0     00008ed3  _OS_MemInit                           
0     00008f0f  _CPU_Initfunc                         
0     00008f21  _BSP_INIT                             
0     00008f2c  _BSP_LED_Off                          
0     00008f31  _BSP_Tick_Init                        
0     00008f5e  _BSP_LED_Toggle                       
0     00008f63  _main                                 
0     00008fbe  _cpu_timer0_isr                       
0     00009000  _OSFlagAccept                         
0     0000908b  _OSFlagCreate                         
0     000090be  _OSFlagDel                            
0     00009143  _OSFlagNameGet                        
0     0000917d  _OSFlagNameSet                        
0     000091ac  _OSFlagPend                           
0     00009305  _OSFlagPendGetFlagsRdy                
0     00009317  _OSFlagPost                           
0     000093d7  _OSFlagQuery                          
0     00009452  _OS_FlagInit                          
0     000094ce  _OS_FlagUnlink                        
0     000094f3  _OSInitHookBegin                      
0     0000953d  _OSInitHookEnd                        
0     0000953e  _OSTaskCreateHook                     
0     00009542  _OSTaskDelHook                        
0     00009546  _OSTaskIdleHook                       
0     00009547  _OSTaskReturnHook                     
0     0000954b  _OSTaskStatHook                       
0     0000954c  _OSTaskStkInit                        
0     0000962c  _OSTaskSwHook                         
0     0000962d  _OSTCBInitHook                        
0     00009631  _OSTimeTickHook                       
0     00009632  _OSTimeDly                            
0     0000966f  _OSTimeDlyHMSM                        
0     000096b7  _OSTimeDlyResume                      
0     00009722  _OSTimeGet                            
0     00009731  _OSTimeSet                            
0     00009740  _OS_CPU_GetST0                        
0     00009743  _OS_CPU_GetST1                        
0     00009746  _OS_CPU_SR_Save                       
0     0000974b  _OS_CPU_SR_Restore                    
0     00009753  _OSStartHighRdy                       
0     00009786  _OS_CPU_RTOSINT_Handler               
0     000097e4  __args_main                           
0     00009800  _OSQAccept                            
0     00009848  _OSQCreate                            
0     000098ad  _OSQDel                               
0     00009946  _OSQFlush                             
0     0000996c  _OSQPend                              
0     00009a21  _OSQPendAbort                         
0     00009a65  _OSQPost                              
0     00009aad  _OSQPostFront                         
0     00009b01  _OSQPostOpt                           
0     00009b75  _OSQQuery                             
0     00009bca  _OS_QInit                             
0     00009bfc  _InitSysCtrl                          
0     00009c2d  _InitPeripheralClocks                 
0     00009cb1  _DisablePeripheralClocks              
0     00009cc9  _SeizeFlashPump                       
0     00009cd8  _ReleaseFlashPump                     
0     00009ce2  _ServiceDog                           
0     00009cf0  _DisableDog                           
0     00009cfe  _InitSysPll                           
0     00009dc4  _InitAuxPll                           
0     00009e8c  _CsmUnlock                            
0     00009ead  _SysIntOsc1Sel                        
0     00009eb7  _SysIntOsc2Sel                        
0     00009ec1  _SysXtalOscSel                        
0     00009ecd  _AuxIntOsc2Sel                        
0     00009ed7  _AuxXtalOscSel                        
0     00009ee3  _AuxAuxClkSel                         
0     00009eed  _IDLE                                 
0     00009ef6  _STANDBY                              
0     00009f01  _HALT                                 
0     00009f1a  _HIB                                  
0     00009f37  _OSDebugInit                          
0     00009fc4  C$$EXIT                               
0     00009fc4  _abort                                
0     00009fc6  _exit                                 
0     0000a000  _InitPieCtrl                          
0     0000a01f  _EnableInterrupts                     
0     0000a028  _InitPieVectTable                     
0     0000a04e  _copy_in                              
0     0000a072  _CPU_IntDis                           
0     0000a074  _CPU_IntEn                            
0     0000a076  _CPU_SR_Save                          
0     0000a07b  _CPU_SR_Restore                       
0     0000a083  _CPU_CntLeadZeros                     
0     0000a08f  _CPU_RevBits                          
0     0000a091  _memcpy                               
0     0000b000  _OSEventNameGet                       
0     0000b03f  _OSEventNameSet                       
0     0000b073  _OSEventPendMulti                     
0     0000b22d  _OSInit                               
0     0000b246  _OSIntEnter                           
0     0000b250  _OSIntExit                            
0     0000b283  _OSSchedLock                          
0     0000b29a  _OSSchedUnlock                        
0     0000b2c0  _OSStart                              
0     0000b2d7  _OSStatInit                           
0     0000b2f7  _OSTimeTick                           
0     0000b377  _OSVersion                            
0     0000b37a  _OS_Dummy                             
0     0000b37b  _OS_EventTaskRdy                      
0     0000b3de  _OS_EventTaskWait                     
0     0000b416  _OS_EventTaskWaitMulti                
0     0000b462  _OS_EventTaskRemove                   
0     0000b488  _OS_EventTaskRemoveMulti              
0     0000b4bc  _OS_EventWaitListInit                 
0     0000b5c6  _OS_MemClr                            
0     0000b5d5  _OS_MemCopy                           
0     0000b5e8  _OS_Sched                             
0     0000b627  _OS_StrLen                            
0     0000b639  _OS_TaskIdle                          
0     0000b64a  _OS_TaskStat                          
0     0000b691  _OS_TaskStatStkChk                    
0     0000b6c0  _OS_TCBInit                           
0     0000b7a8  _c_int00                              
0     0000b7fe  __system_pre_init                     
1     00000400  __stack                               
1     00000800  __STACK_END                           
1     00000b00  _AdcaResultRegs                       
1     00000b20  _AdcbResultRegs                       
1     00000b40  _AdccResultRegs                       
1     00000b60  _AdcdResultRegs                       
1     00000c00  _CpuTimer0Regs                        
1     00000c08  _CpuTimer1Regs                        
1     00000c10  _CpuTimer2Regs                        
1     00000ce0  _PieCtrlRegs                          
1     00000d00  _EmuKey                               
1     00000d00  _PieVectTable                         
1     00000d01  _EmuBMode                             
1     00001000  _DmaRegs                              
1     00001400  _Cla1Regs                             
1     00004000  _EPwm1Regs                            
1     00004100  _EPwm2Regs                            
1     00004200  _EPwm3Regs                            
1     00004300  _EPwm4Regs                            
1     00004400  _EPwm5Regs                            
1     00004500  _EPwm6Regs                            
1     00004600  _EPwm7Regs                            
1     00004700  _EPwm8Regs                            
1     00004800  _EPwm9Regs                            
1     00004900  _EPwm10Regs                           
1     00004a00  _EPwm11Regs                           
1     00004b00  _EPwm12Regs                           
1     00005000  _ECap1Regs                            
1     00005020  _ECap2Regs                            
1     00005040  _ECap3Regs                            
1     00005060  _ECap4Regs                            
1     00005080  _ECap5Regs                            
1     000050a0  _ECap6Regs                            
1     00005100  _EQep1Regs                            
1     00005140  _EQep2Regs                            
1     00005180  _EQep3Regs                            
1     00005c00  _DacaRegs                             
1     00005c10  _DacbRegs                             
1     00005c20  _DaccRegs                             
1     00005c80  _Cmpss1Regs                           
1     00005ca0  _Cmpss2Regs                           
1     00005cc0  _Cmpss3Regs                           
1     00005ce0  _Cmpss4Regs                           
1     00005d00  _Cmpss5Regs                           
1     00005d20  _Cmpss6Regs                           
1     00005d40  _Cmpss7Regs                           
1     00005d60  _Cmpss8Regs                           
1     00005e00  _Sdfm1Regs                            
1     00005e80  _Sdfm2Regs                            
1     00006000  _McbspaRegs                           
1     00006040  _McbspbRegs                           
1     00006100  _SpiaRegs                             
1     00006110  _SpibRegs                             
1     00006120  _SpicRegs                             
1     00006200  _UppRegs                              
1     00007000  _WdRegs                               
1     00007060  _NmiIntruptRegs                       
1     00007070  _XintRegs                             
1     00007200  _SciaRegs                             
1     00007210  _ScibRegs                             
1     00007220  _ScicRegs                             
1     00007230  _ScidRegs                             
1     00007300  _I2caRegs                             
1     00007340  _I2cbRegs                             
1     00007400  _AdcaRegs                             
1     00007480  _AdcbRegs                             
1     00007500  _AdccRegs                             
1     00007580  _AdcdRegs                             
1     00007900  _InputXbarRegs                        
1     00007920  _XbarRegs                             
1     00007940  _SyncSocRegs                          
1     00007980  _DmaClaSrcSelRegs                     
1     00007a00  _EPwmXbarRegs                         
1     00007a80  _OutputXbarRegs                       
1     00007c00  _GpioCtrlRegs                         
1     00007f00  _GpioDataRegs                         
1     0000a800  _PieVectTableInit                     
1     0000a9c0  _OSUnMapTbl                           
1     0000aafc  _OSTaskStatStkSize                    
1     0000aafd  _OSTaskStatStkChkEn                   
1     0000aafe  _OSTaskNameEn                         
1     0000aaff  _OSTaskRegTblSize                     
1     0000ab00  _OSTCBPrioTblMax                      
1     0000ab01  _OSTaskStatEn                         
1     0000ab02  _OSTaskSwHookEn                       
1     0000ab03  _OSTaskCreateExtEn                    
1     0000ab04  _OSTaskDelEn                          
1     0000ab05  _OSStkWidth                           
1     0000ab06  _OSTaskProfileEn                      
1     0000ab07  _OSTaskMax                            
1     0000ab08  _OSTaskCreateEn                       
1     0000ab09  _OSTaskIdleStkSize                    
1     0000ab0a  _OSTmrSize                            
1     0000ab0b  _OSTmrTblSize                         
1     0000ab0c  _OSTmrCfgWheelSize                    
1     0000ab0d  _OSTmrWheelTblSize                    
1     0000ab0e  _OSDataSize                           
1     0000ab0f  _OSTmrCfgTicksPerSec                  
1     0000ab10  _OSTmrWheelSize                       
1     0000ab11  _OSTimeTickHookEn                     
1     0000ab12  _OSVersionNbr                         
1     0000ab13  _OSTCBSize                            
1     0000ab14  _OSTmrCfgMax                          
1     0000ab15  _OSTmrCfgNameEn                       
1     0000ab16  _OSTicksPerSec                        
1     0000ab17  _OSTmrEn                              
1     0000ab18  _OSFlagNodeSize                       
1     0000ab19  _OSFlagWidth                          
1     0000ab1a  _OSFlagEn                             
1     0000ab1b  _OSFlagNameEn                         
1     0000ab1c  _OSLowestPrio                         
1     0000ab1d  _OSFlagGrpSize                        
1     0000ab1e  _OSFlagMax                            
1     0000ab1f  _OSEventMax                           
1     0000ab20  _OSEventNameEn                        
1     0000ab21  _OSDebugEn                            
1     0000ab22  _OSEventTblSize                       
1     0000ab23  _OSEventMultiEn                       
1     0000ab24  _OSEventEn                            
1     0000ab25  _OSQEn                                
1     0000ab26  _OSQMax                               
1     0000ab27  _OSMutexEn                            
1     0000ab28  _OSRdyTblSize                         
1     0000ab29  _OSSemEn                              
1     0000ab2a  _OSPtrSize                            
1     0000ab2b  _OSQSize                              
1     0000ab2c  _OSMemEn                              
1     0000ab2d  _OSMemMax                             
1     0000ab2e  _OSEventSize                          
1     0000ab2f  _OSMemSize                            
1     0000ab30  _OSMemTblSize                         
1     0000ab31  _OSMboxEn                             
1     0000ab32  _OSMemNameEn                          
1     0000ab34  _OSEndiannessTest                     
1     0000ab62  _CPU_EndiannessTest                   
1     0000ab64  _CpuTimer1                            
1     0000ab6c  _CpuTimer2                            
1     0000ab74  _CpuTimer0                            
1     0000ab7c  __lock                                
1     0000ab7e  __unlock                              
1     0000ab80  ___TI_enable_exit_profile_output      
1     0000ab82  ___TI_cleanup_ptr                     
1     0000ab84  ___TI_dtors_ptr                       
1     0000ab86  _Math_RandSeedCur                     
1     0000e000  _App_TaskStartStk                     
1     0000e100  _App_TaskPendStk                      
1     0000e200  _App_TaskPostStk                      
1     0000e300  _Mem_SegHeadPtr                       
1     0000e302  _Mem_SegHeap                          
1     0000e340  _Mem_Heap                             
1     0000f340  _OSTaskCtr                            
1     0000f341  _OSTaskRegNextAvailID                 
1     0000f342  _OSTickStepState                      
1     0000f343  _OSRunning                            
1     0000f344  _OSCPUUsage                           
1     0000f345  _OSPrioCur                            
1     0000f346  _OSLockNesting                        
1     0000f347  _OSRdyGrp                             
1     0000f348  _OSStatRdy                            
1     0000f349  _OSPrioHighRdy                        
1     0000f34a  _OSIntNesting                         
1     0000f34c  _OSTime                               
1     0000f34e  _OSIdleCtr                            
1     0000f350  _OSIdleCtrRun                         
1     0000f352  _OSTCBFreeList                        
1     0000f354  _OSTCBCur                             
1     0000f356  _OSEventFreeList                      
1     0000f358  _OSCtxSwCtr                           
1     0000f35a  _OSIdleCtrMax                         
1     0000f35c  _OSMemFreeList                        
1     0000f35e  _OSQFreeList                          
1     0000f360  _OSTCBList                            
1     0000f362  _OSFlagFreeList                       
1     0000f364  _OSTCBHighRdy                         
1     0000f366  _OSRdyTbl                             
1     0000f380  _OSFlagTbl                            
1     0000f3c0  _OSQTbl                               
1     0000f400  _OSMemTbl                             
1     0000f440  _OSTCBPrioTbl                         
1     0000f4c0  _OSEventTbl                           
1     0000f580  _OSTaskIdleStk                        
1     0000f680  _OSTaskStatStk                        
1     0000f780  _OSTCBTbl                             
1     00047000  _Emif1Regs                            
1     00047800  _Emif2Regs                            
1     00048000  _CanaRegs                             
1     0004a000  _CanbRegs                             
1     00050000  _IpcRegs                              
1     00050024  _FlashPumpSemaphoreRegs               
1     0005d000  _DevCfgRegs                           
1     0005d180  _AnalogSubsysRegs                     
1     0005d200  _ClkCfgRegs                           
1     0005d300  _CpuSysRegs                           
1     0005e608  _RomPrefetchRegs                      
1     0005f000  _DcsmZ1Regs                           
1     0005f040  _DcsmZ2Regs                           
1     0005f070  _DcsmCommonRegs                       
1     0005f400  _MemCfgRegs                           
1     0005f480  _Emif1ConfigRegs                      
1     0005f4a0  _Emif2ConfigRegs                      
1     0005f4c0  _AccessProtectionRegs                 
1     0005f500  _MemoryErrorRegs                      
1     0005f540  _RomWaitStateRegs                     
1     0005f800  _Flash0CtrlRegs                       
1     0005fb00  _Flash0EccRegs                        
1     00078000  _DcsmZ1Otp                            
1     00078200  _DcsmZ2Otp                            
abs   00000400  __STACK_SIZE                          
abs   ffffffff  .text                                 
abs   ffffffff  ___TI_pprof_out_hndl                  
abs   ffffffff  ___TI_prof_data_size                  
abs   ffffffff  ___TI_prof_data_start                 
abs   ffffffff  ___binit__                            
abs   ffffffff  ___c_args__                           
abs   ffffffff  ___etext__                            
abs   ffffffff  ___pinit__                            
abs   ffffffff  ___text__                             
abs   ffffffff  binit                                 
abs   ffffffff  etext                                 
abs   ffffffff  pinit                                 

[532 symbols]
